// Jest Snapshot v1, https://goo.gl/fbAQLP

exports[`text input renders correctly 1`] = `
<input
  defaultValue="foo"
  onChange={[Function]}
  type="text"
/>
`;
